client/src/pages/admin/property-form.tsx(5,10): error TS2300: Duplicate identifier 'apiRequest'.
client/src/pages/admin/property-form.tsx(8,10): error TS2300: Duplicate identifier 'apiRequest'.
client/src/pages/admin/property-form.tsx(437,48): error TS2345: Argument of type 'unknown[]' is not assignable to parameter of type '{ [x: number]: string; length: number; toString: () => string; toLocaleString: { (): string; (locales: string | string[], options?: (NumberFormatOptions & DateTimeFormatOptions) | undefined): string; }; ... 37 more ...; readonly [Symbol.unscopables]: { ...; }; }'.
  The types returned by 'sort(...)' are incompatible between these types.
    Type 'unknown[]' is not assignable to type 'addQuestionMarks<string[], any>'.
      Type 'unknown[]' is not assignable to type '{ [x: number]: string; }'.
        'number' index signatures are incompatible.
          Type 'unknown' is not assignable to type 'string'.
server/index.ts(2,18): error TS7016: Could not find a declaration file for module 'cors'. 'C:/Users/HP/Downloads/imobilariaangola-main/imobilariaangola-main/node_modules/cors/lib/index.js' implicitly has an 'any' type.
  Try `npm i --save-dev @types/cors` if it exists or add a new declaration (.d.ts) file containing `declare module 'cors';`
server/storage.ts(87,40): error TS2769: No overload matches this call.
  Overload 1 of 2, '(value: { area: string | SQL<unknown> | Placeholder<string, any>; title: string | SQL<unknown> | Placeholder<string, any>; id: string | SQL<unknown> | Placeholder<string, any>; ... 18 more ...; updatedAt?: string | ... 3 more ... | undefined; }): SQLiteInsertBase<...>', gave the following error.
    Argument of type '{ id: `${string}-${string}-${string}-${string}-${string}`; images: string[]; area: string; title: string; location: string; propertyType: string; purpose: string; price: string; province: string; municipality: string; ... 9 more ...; coverImage?: string | ... 1 more ... | undefined; }' is not assignable to parameter of type '{ area: string | SQL<unknown> | Placeholder<string, any>; title: string | SQL<unknown> | Placeholder<string, any>; id: string | SQL<unknown> | Placeholder<string, any>; ... 18 more ...; updatedAt?: string | ... 3 more ... | undefined; }'.
      Types of property 'features' are incompatible.
        Type '{ [x: number]: string; length: number; toString: () => string; toLocaleString: { (): string; (locales: string | string[], options?: (NumberFormatOptions & DateTimeFormatOptions) | undefined): string; }; ... 37 more ...; readonly [Symbol.unscopables]: { ...; }; } | null | undefined' is not assignable to type 'string[] | SQL<unknown> | Placeholder<string, any> | null | undefined'.
          Type '{ [x: number]: string; length: number; toString: () => string; toLocaleString: { (): string; (locales: string | string[], options?: (NumberFormatOptions & DateTimeFormatOptions) | undefined): string; }; ... 37 more ...; readonly [Symbol.unscopables]: { ...; }; }' is not assignable to type 'string[] | SQL<unknown> | Placeholder<string, any> | null | undefined'.
            Type '{ [x: number]: string; length: number; toString: () => string; toLocaleString: { (): string; (locales: string | string[], options?: (NumberFormatOptions & DateTimeFormatOptions) | undefined): string; }; ... 37 more ...; readonly [Symbol.unscopables]: { ...; }; }' is not assignable to type 'string[]'.
              The types returned by 'pop()' are incompatible between these types.
                Type 'unknown' is not assignable to type 'string | undefined'.
  Overload 2 of 2, '(values: { area: string | SQL<unknown> | Placeholder<string, any>; title: string | SQL<unknown> | Placeholder<string, any>; id: string | SQL<unknown> | Placeholder<string, any>; ... 18 more ...; updatedAt?: string | ... 3 more ... | undefined; }[]): SQLiteInsertBase<...>', gave the following error.
    Argument of type '{ id: `${string}-${string}-${string}-${string}-${string}`; images: string[]; area: string; title: string; location: string; propertyType: string; purpose: string; price: string; province: string; municipality: string; ... 9 more ...; coverImage?: string | ... 1 more ... | undefined; }' is not assignable to parameter of type '{ area: string | SQL<unknown> | Placeholder<string, any>; title: string | SQL<unknown> | Placeholder<string, any>; id: string | SQL<unknown> | Placeholder<string, any>; ... 18 more ...; updatedAt?: string | ... 3 more ... | undefined; }[]'.
      Type '{ id: `${string}-${string}-${string}-${string}-${string}`; images: string[]; area: string; title: string; location: string; propertyType: string; purpose: string; price: string; province: string; municipality: string; ... 9 more ...; coverImage?: string | ... 1 more ... | undefined; }' is missing the following properties from type '{ area: string | SQL<unknown> | Placeholder<string, any>; title: string | SQL<unknown> | Placeholder<string, any>; id: string | SQL<unknown> | Placeholder<string, any>; ... 18 more ...; updatedAt?: string | ... 3 more ... | undefined; }[]': length, pop, push, concat, and 35 more.
